PRT1
20
52
4 0 10 (256 0 224 ) (256 0 256 ) (0 0 256 ) (0 0 224 ) 
4 0 5 (0 0 224 ) (0 0 256 ) (0 192 256 ) (0 192 224 ) 
4 0 3 (224 160 224 ) (224 0 224 ) (0 0 224 ) (0 160 224 ) 
4 0 2 (0 192 224 ) (224 192 224 ) (224 160 224 ) (0 160 224 ) 
4 0 1 (224 192 224 ) (256 192 224 ) (256 0 224 ) (224 0 224 ) 
4 1 11 (256 0 32 ) (256 0 224 ) (224 0 224 ) (224 0 32 ) 
4 1 3 (224 160 32 ) (224 0 32 ) (224 0 224 ) (224 160 224 ) 
4 1 2 (224 192 32 ) (224 160 32 ) (224 160 224 ) (224 192 224 ) 
4 1 4 (224 192 32 ) (256 192 32 ) (256 0 32 ) (224 0 32 ) 
4 2 6 (0 160 224 ) (0 192 224 ) (0 192 32 ) (0 160 32 ) 
4 2 4 (0 160 32 ) (0 192 32 ) (224 192 32 ) (224 160 32 ) 
4 2 3 (0 160 32 ) (224 160 32 ) (224 160 224 ) (0 160 224 ) 
4 3 12 (224 0 224 ) (0 0 224 ) (0 0 32 ) (224 0 32 ) 
4 3 7 (0 0 32 ) (0 0 224 ) (0 160 224 ) (0 160 32 ) 
4 3 4 (0 0 32 ) (0 160 32 ) (224 160 32 ) (224 0 32 ) 
4 4 14 (256 0 0 ) (256 0 32 ) (0 0 32 ) (0 0 0 ) 
4 4 9 (0 0 0 ) (0 0 32 ) (0 192 32 ) (0 192 0 ) 
4 5 15 (0 0 224 ) (0 0 256 ) (-256 0 256 ) (-256 0 224 ) 
4 5 7 (0 160 224 ) (0 0 224 ) (-224 0 224 ) (-224 160 224 ) 
4 5 6 (-224 192 224 ) (0 192 224 ) (0 160 224 ) (-224 160 224 ) 
4 5 8 (-256 0 224 ) (-256 192 224 ) (-224 192 224 ) (-224 0 224 ) 
4 6 8 (-224 192 32 ) (-224 160 32 ) (-224 160 224 ) (-224 192 224 ) 
4 6 9 (-224 160 32 ) (-224 192 32 ) (0 192 32 ) (0 160 32 ) 
4 6 7 (-224 160 224 ) (-224 160 32 ) (0 160 32 ) (0 160 224 ) 
4 7 16 (0 0 32 ) (0 0 224 ) (-224 0 224 ) (-224 0 32 ) 
4 7 8 (-224 160 32 ) (-224 0 32 ) (-224 0 224 ) (-224 160 224 ) 
4 7 9 (0 0 32 ) (-224 0 32 ) (-224 160 32 ) (0 160 32 ) 
4 8 18 (-224 0 224 ) (-256 0 224 ) (-256 0 32 ) (-224 0 32 ) 
4 8 9 (-224 0 32 ) (-256 0 32 ) (-256 192 32 ) (-224 192 32 ) 
4 9 19 (0 0 0 ) (0 0 32 ) (-256 0 32 ) (-256 0 0 ) 
4 10 15 (0 0 256 ) (0 0 224 ) (0 -256 224 ) (0 -256 256 ) 
4 10 13 (224 -224 224 ) (224 -256 224 ) (0 -256 224 ) (0 -224 224 ) 
4 10 12 (0 0 224 ) (224 0 224 ) (224 -224 224 ) (0 -224 224 ) 
4 10 11 (224 0 224 ) (256 0 224 ) (256 -256 224 ) (224 -256 224 ) 
4 11 13 (224 -224 32 ) (224 -256 32 ) (224 -256 224 ) (224 -224 224 ) 
4 11 12 (224 0 32 ) (224 -224 32 ) (224 -224 224 ) (224 0 224 ) 
4 11 14 (256 0 32 ) (256 -256 32 ) (224 -256 32 ) (224 0 32 ) 
4 12 16 (0 0 224 ) (0 0 32 ) (0 -224 32 ) (0 -224 224 ) 
4 12 14 (0 -224 32 ) (0 0 32 ) (224 0 32 ) (224 -224 32 ) 
4 12 13 (0 -224 32 ) (224 -224 32 ) (224 -224 224 ) (0 -224 224 ) 
4 13 17 (0 -224 32 ) (0 -256 32 ) (0 -256 224 ) (0 -224 224 ) 
4 13 14 (224 -256 32 ) (0 -256 32 ) (0 -224 32 ) (224 -224 32 ) 
4 14 19 (0 0 32 ) (0 0 0 ) (0 -256 0 ) (0 -256 32 ) 
4 15 17 (0 -256 224 ) (-224 -256 224 ) (-224 -224 224 ) (0 -224 224 ) 
4 15 16 (-224 -224 224 ) (-224 0 224 ) (0 0 224 ) (0 -224 224 ) 
4 15 18 (-224 -256 224 ) (-256 -256 224 ) (-256 0 224 ) (-224 0 224 ) 
4 16 18 (-224 0 32 ) (-224 -224 32 ) (-224 -224 224 ) (-224 0 224 ) 
4 16 19 (-224 -224 32 ) (-224 0 32 ) (0 0 32 ) (0 -224 32 ) 
4 16 17 (-224 -224 224 ) (-224 -224 32 ) (0 -224 32 ) (0 -224 224 ) 
4 17 18 (-224 -224 32 ) (-224 -256 32 ) (-224 -256 224 ) (-224 -224 224 ) 
4 17 19 (0 -256 32 ) (-224 -256 32 ) (-224 -224 32 ) (0 -224 32 ) 
4 18 19 (-224 -256 32 ) (-256 -256 32 ) (-256 0 32 ) (-224 0 32 ) 
